Analysis & Synthesis report for iir
Fri Oct 09 19:46:01 2020
Quartus II 64-Bit Version 13.1.0 Build 162 10/23/2013 SJ Full Version


---------------------
; Table of Contents ;
---------------------
  1. Legal Notice
  2. Analysis & Synthesis Summary
  3. Analysis & Synthesis Settings
  4. Parallel Compilation
  5. Analysis & Synthesis Source Files Read
  6. Analysis & Synthesis Resource Usage Summary
  7. Analysis & Synthesis Resource Utilization by Entity
  8. Analysis & Synthesis DSP Block Usage Summary
  9. Analysis & Synthesis IP Cores Summary
 10. Registers Removed During Synthesis
 11. Removed Registers Triggering Further Register Optimizations
 12. General Register Statistics
 13. Parameter Settings for User Entity Instance: zero:u_zero|multX2:u_multX2|lpm_mult:lpm_mult_component
 14. Parameter Settings for User Entity Instance: zero:u_zero|multX1:u_multX1|lpm_mult:lpm_mult_component
 15. Parameter Settings for User Entity Instance: zero:u_zero|multX0:u_multX0|lpm_mult:lpm_mult_component
 16. Parameter Settings for User Entity Instance: pole:u_pole|multY0:u_multY0|lpm_mult:lpm_mult_component
 17. Parameter Settings for User Entity Instance: pole:u_pole|multY1:u_multY1|lpm_mult:lpm_mult_component
 18. lpm_mult Parameter Settings by Entity Instance
 19. Port Connectivity Checks: "pole:u_pole|multY1:u_multY1"
 20. Port Connectivity Checks: "pole:u_pole|multY0:u_multY0"
 21. Port Connectivity Checks: "pole:u_pole"
 22. Port Connectivity Checks: "zero:u_zero|multX0:u_multX0"
 23. Port Connectivity Checks: "zero:u_zero|multX1:u_multX1"
 24. Port Connectivity Checks: "zero:u_zero|multX2:u_multX2"
 25. Elapsed Time Per Partition
 26. Analysis & Synthesis Messages



----------------
; Legal Notice ;
----------------
Copyright (C) 1991-2013 Altera Corporation
Your use of Altera Corporation's design tools, logic functions 
and other software and tools, and its AMPP partner logic 
functions, and any output files from any of the foregoing 
(including device programming or simulation files), and any 
associated documentation or information are expressly subject 
to the terms and conditions of the Altera Program License 
Subscription Agreement, Altera MegaCore Function License 
Agreement, or other applicable license agreement, including, 
without limitation, that your use is for the sole purpose of 
programming logic devices manufactured by Altera and sold by 
Altera or its authorized distributors.  Please refer to the 
applicable agreement for further details.



+----------------------------------------------------------------------------------+
; Analysis & Synthesis Summary                                                     ;
+------------------------------------+---------------------------------------------+
; Analysis & Synthesis Status        ; Successful - Fri Oct 09 19:46:01 2020       ;
; Quartus II 64-Bit Version          ; 13.1.0 Build 162 10/23/2013 SJ Full Version ;
; Revision Name                      ; iir                                         ;
; Top-level Entity Name              ; top                                         ;
; Family                             ; Cyclone IV E                                ;
; Total logic elements               ; 105                                         ;
;     Total combinational functions  ; 89                                          ;
;     Dedicated logic registers      ; 28                                          ;
; Total registers                    ; 28                                          ;
; Total pins                         ; 13                                          ;
; Total virtual pins                 ; 0                                           ;
; Total memory bits                  ; 0                                           ;
; Embedded Multiplier 9-bit elements ; 10                                          ;
; Total PLLs                         ; 0                                           ;
+------------------------------------+---------------------------------------------+


+----------------------------------------------------------------------------------------------------------------------+
; Analysis & Synthesis Settings                                                                                        ;
+----------------------------------------------------------------------------+--------------------+--------------------+
; Option                                                                     ; Setting            ; Default Value      ;
+----------------------------------------------------------------------------+--------------------+--------------------+
; Device                                                                     ; EP4CE10F17C8       ;                    ;
; Top-level entity name                                                      ; top                ; iir                ;
; Family name                                                                ; Cyclone IV E       ; Cyclone IV GX      ;
; Use smart compilation                                                      ; Off                ; Off                ;
; Enable parallel Assembler and TimeQuest Timing Analyzer during compilation ; On                 ; On                 ;
; Enable compact report table                                                ; Off                ; Off                ;
; Restructure Multiplexers                                                   ; Auto               ; Auto               ;
; Create Debugging Nodes for IP Cores                                        ; Off                ; Off                ;
; Preserve fewer node names                                                  ; On                 ; On                 ;
; Disable OpenCore Plus hardware evaluation                                  ; Off                ; Off                ;
; Verilog Version                                                            ; Verilog_2001       ; Verilog_2001       ;
; VHDL Version                                                               ; VHDL_1993          ; VHDL_1993          ;
; State Machine Processing                                                   ; Auto               ; Auto               ;
; Safe State Machine                                                         ; Off                ; Off                ;
; Extract Verilog State Machines                                             ; On                 ; On                 ;
; Extract VHDL State Machines                                                ; On                 ; On                 ;
; Ignore Verilog initial constructs                                          ; Off                ; Off                ;
; Iteration limit for constant Verilog loops                                 ; 5000               ; 5000               ;
; Iteration limit for non-constant Verilog loops                             ; 250                ; 250                ;
; Add Pass-Through Logic to Inferred RAMs                                    ; On                 ; On                 ;
; Infer RAMs from Raw Logic                                                  ; On                 ; On                 ;
; Parallel Synthesis                                                         ; On                 ; On                 ;
; DSP Block Balancing                                                        ; Auto               ; Auto               ;
; NOT Gate Push-Back                                                         ; On                 ; On                 ;
; Power-Up Don't Care                                                        ; On                 ; On                 ;
; Remove Redundant Logic Cells                                               ; Off                ; Off                ;
; Remove Duplicate Registers                                                 ; On                 ; On                 ;
; Ignore CARRY Buffers                                                       ; Off                ; Off                ;
; Ignore CASCADE Buffers                                                     ; Off                ; Off                ;
; Ignore GLOBAL Buffers                                                      ; Off                ; Off                ;
; Ignore ROW GLOBAL Buffers                                                  ; Off                ; Off                ;
; Ignore LCELL Buffers                                                       ; Off                ; Off                ;
; Ignore SOFT Buffers                                                        ; On                 ; On                 ;
; Limit AHDL Integers to 32 Bits                                             ; Off                ; Off                ;
; Optimization Technique                                                     ; Balanced           ; Balanced           ;
; Carry Chain Length                                                         ; 70                 ; 70                 ;
; Auto Carry Chains                                                          ; On                 ; On                 ;
; Auto Open-Drain Pins                                                       ; On                 ; On                 ;
; Perform WYSIWYG Primitive Resynthesis                                      ; Off                ; Off                ;
; Auto ROM Replacement                                                       ; On                 ; On                 ;
; Auto RAM Replacement                                                       ; On                 ; On                 ;
; Auto DSP Block Replacement                                                 ; On                 ; On                 ;
; Auto Shift Register Replacement                                            ; Auto               ; Auto               ;
; Allow Shift Register Merging across Hierarchies                            ; Auto               ; Auto               ;
; Auto Clock Enable Replacement                                              ; On                 ; On                 ;
; Strict RAM Replacement                                                     ; Off                ; Off                ;
; Allow Synchronous Control Signals                                          ; On                 ; On                 ;
; Force Use of Synchronous Clear Signals                                     ; Off                ; Off                ;
; Auto RAM Block Balancing                                                   ; On                 ; On                 ;
; Auto RAM to Logic Cell Conversion                                          ; Off                ; Off                ;
; Auto Resource Sharing                                                      ; Off                ; Off                ;
; Allow Any RAM Size For Recognition                                         ; Off                ; Off                ;
; Allow Any ROM Size For Recognition                                         ; Off                ; Off                ;
; Allow Any Shift Register Size For Recognition                              ; Off                ; Off                ;
; Use LogicLock Constraints during Resource Balancing                        ; On                 ; On                 ;
; Ignore translate_off and synthesis_off directives                          ; Off                ; Off                ;
; Timing-Driven Synthesis                                                    ; On                 ; On                 ;
; Report Parameter Settings                                                  ; On                 ; On                 ;
; Report Source Assignments                                                  ; On                 ; On                 ;
; Report Connectivity Checks                                                 ; On                 ; On                 ;
; Ignore Maximum Fan-Out Assignments                                         ; Off                ; Off                ;
; Synchronization Register Chain Length                                      ; 2                  ; 2                  ;
; PowerPlay Power Optimization                                               ; Normal compilation ; Normal compilation ;
; HDL message level                                                          ; Level2             ; Level2             ;
; Suppress Register Optimization Related Messages                            ; Off                ; Off                ;
; Number of Removed Registers Reported in Synthesis Report                   ; 5000               ; 5000               ;
; Number of Swept Nodes Reported in Synthesis Report                         ; 5000               ; 5000               ;
; Number of Inverted Registers Reported in Synthesis Report                  ; 100                ; 100                ;
; Clock MUX Protection                                                       ; On                 ; On                 ;
; Auto Gated Clock Conversion                                                ; Off                ; Off                ;
; Block Design Naming                                                        ; Auto               ; Auto               ;
; SDC constraint protection                                                  ; Off                ; Off                ;
; Synthesis Effort                                                           ; Auto               ; Auto               ;
; Shift Register Replacement - Allow Asynchronous Clear Signal               ; On                 ; On                 ;
; Pre-Mapping Resynthesis Optimization                                       ; Off                ; Off                ;
; Analysis & Synthesis Message Level                                         ; Medium             ; Medium             ;
; Disable Register Merging Across Hierarchies                                ; Auto               ; Auto               ;
; Resource Aware Inference For Block RAM                                     ; On                 ; On                 ;
; Synthesis Seed                                                             ; 1                  ; 1                  ;
+----------------------------------------------------------------------------+--------------------+--------------------+


+------------------------------------------+
; Parallel Compilation                     ;
+----------------------------+-------------+
; Processors                 ; Number      ;
+----------------------------+-------------+
; Number detected on machine ; 8           ;
; Maximum allowed            ; 4           ;
;                            ;             ;
; Average used               ; 1.00        ;
; Maximum used               ; 1           ;
;                            ;             ;
; Usage by Processor         ; % Time Used ;
;     Processor 1            ; 100.0%      ;
;     Processors 2-8         ;   0.0%      ;
+----------------------------+-------------+


+----------------------------------------------------------------------------------------------------------------------------------------------------------+
; Analysis & Synthesis Source Files Read                                                                                                                   ;
+----------------------------------+-----------------+------------------------------+------------------------------------------------------------+---------+
; File Name with User-Entered Path ; Used in Netlist ; File Type                    ; File Name with Absolute Path                               ; Library ;
+----------------------------------+-----------------+------------------------------+------------------------------------------------------------+---------+
; ../rtl/zero.v                    ; yes             ; User Verilog HDL File        ; F:/Code/FPGA_project/iir/rtl/zero.v                        ;         ;
; ../rtl/trans.v                   ; yes             ; User Verilog HDL File        ; F:/Code/FPGA_project/iir/rtl/trans.v                       ;         ;
; ../rtl/top.v                     ; yes             ; User Verilog HDL File        ; F:/Code/FPGA_project/iir/rtl/top.v                         ;         ;
; ../rtl/pole.v                    ; yes             ; User Verilog HDL File        ; F:/Code/FPGA_project/iir/rtl/pole.v                        ;         ;
; ipcore/multX2.v                  ; yes             ; User Wizard-Generated File   ; F:/Code/FPGA_project/iir/par/ipcore/multX2.v               ;         ;
; ipcore/multX1.v                  ; yes             ; User Wizard-Generated File   ; F:/Code/FPGA_project/iir/par/ipcore/multX1.v               ;         ;
; ipcore/multX0.v                  ; yes             ; User Wizard-Generated File   ; F:/Code/FPGA_project/iir/par/ipcore/multX0.v               ;         ;
; ipcore/multY0.v                  ; yes             ; User Wizard-Generated File   ; F:/Code/FPGA_project/iir/par/ipcore/multY0.v               ;         ;
; ipcore/multY1.v                  ; yes             ; User Wizard-Generated File   ; F:/Code/FPGA_project/iir/par/ipcore/multY1.v               ;         ;
; lpm_mult.tdf                     ; yes             ; Megafunction                 ; e:/quartus/quartus/libraries/megafunctions/lpm_mult.tdf    ;         ;
; aglobal131.inc                   ; yes             ; Megafunction                 ; e:/quartus/quartus/libraries/megafunctions/aglobal131.inc  ;         ;
; lpm_add_sub.inc                  ; yes             ; Megafunction                 ; e:/quartus/quartus/libraries/megafunctions/lpm_add_sub.inc ;         ;
; multcore.inc                     ; yes             ; Megafunction                 ; e:/quartus/quartus/libraries/megafunctions/multcore.inc    ;         ;
; bypassff.inc                     ; yes             ; Megafunction                 ; e:/quartus/quartus/libraries/megafunctions/bypassff.inc    ;         ;
; altshift.inc                     ; yes             ; Megafunction                 ; e:/quartus/quartus/libraries/megafunctions/altshift.inc    ;         ;
; db/mult_e8n.tdf                  ; yes             ; Auto-Generated Megafunction  ; F:/Code/FPGA_project/iir/par/db/mult_e8n.tdf               ;         ;
+----------------------------------+-----------------+------------------------------+------------------------------------------------------------+---------+


+---------------------------------------------------------------+
; Analysis & Synthesis Resource Usage Summary                   ;
+---------------------------------------------+-----------------+
; Resource                                    ; Usage           ;
+---------------------------------------------+-----------------+
; Estimated Total logic elements              ; 105             ;
;                                             ;                 ;
; Total combinational functions               ; 89              ;
; Logic element usage by number of LUT inputs ;                 ;
;     -- 4 input functions                    ; 0               ;
;     -- 3 input functions                    ; 84              ;
;     -- <=2 input functions                  ; 5               ;
;                                             ;                 ;
; Logic elements by mode                      ;                 ;
;     -- normal mode                          ; 5               ;
;     -- arithmetic mode                      ; 84              ;
;                                             ;                 ;
; Total registers                             ; 28              ;
;     -- Dedicated logic registers            ; 28              ;
;     -- I/O registers                        ; 0               ;
;                                             ;                 ;
; I/O pins                                    ; 13              ;
; Embedded Multiplier 9-bit elements          ; 10              ;
; Maximum fan-out node                        ; sys_rst_n~input ;
; Maximum fan-out                             ; 29              ;
; Total fan-out                               ; 391             ;
; Average fan-out                             ; 2.56            ;
+---------------------------------------------+-----------------+


+----------------------------------------------------------------------------------------------------------------------------------------------------------------------------------------------------------------------------------------------------------+
; Analysis & Synthesis Resource Utilization by Entity                                                                                                                                                                                                      ;
+----------------------------------------+-------------------+--------------+-------------+--------------+---------+-----------+------+--------------+--------------------------------------------------------------------------------------+--------------+
; Compilation Hierarchy Node             ; LC Combinationals ; LC Registers ; Memory Bits ; DSP Elements ; DSP 9x9 ; DSP 18x18 ; Pins ; Virtual Pins ; Full Hierarchy Name                                                                  ; Library Name ;
+----------------------------------------+-------------------+--------------+-------------+--------------+---------+-----------+------+--------------+--------------------------------------------------------------------------------------+--------------+
; |top                                   ; 89 (23)           ; 28 (0)       ; 0           ; 10           ; 0       ; 5         ; 13   ; 0            ; |top                                                                                 ; work         ;
;    |pole:u_pole|                       ; 22 (22)           ; 24 (24)      ; 0           ; 4            ; 0       ; 2         ; 0    ; 0            ; |top|pole:u_pole                                                                     ; work         ;
;       |multY0:u_multY0|                ; 0 (0)             ; 0 (0)        ; 0           ; 2            ; 0       ; 1         ; 0    ; 0            ; |top|pole:u_pole|multY0:u_multY0                                                     ; work         ;
;          |lpm_mult:lpm_mult_component| ; 0 (0)             ; 0 (0)        ; 0           ; 2            ; 0       ; 1         ; 0    ; 0            ; |top|pole:u_pole|multY0:u_multY0|lpm_mult:lpm_mult_component                         ; work         ;
;             |mult_e8n:auto_generated|  ; 0 (0)             ; 0 (0)        ; 0           ; 2            ; 0       ; 1         ; 0    ; 0            ; |top|pole:u_pole|multY0:u_multY0|lpm_mult:lpm_mult_component|mult_e8n:auto_generated ; work         ;
;       |multY1:u_multY1|                ; 0 (0)             ; 0 (0)        ; 0           ; 2            ; 0       ; 1         ; 0    ; 0            ; |top|pole:u_pole|multY1:u_multY1                                                     ; work         ;
;          |lpm_mult:lpm_mult_component| ; 0 (0)             ; 0 (0)        ; 0           ; 2            ; 0       ; 1         ; 0    ; 0            ; |top|pole:u_pole|multY1:u_multY1|lpm_mult:lpm_mult_component                         ; work         ;
;             |mult_e8n:auto_generated|  ; 0 (0)             ; 0 (0)        ; 0           ; 2            ; 0       ; 1         ; 0    ; 0            ; |top|pole:u_pole|multY1:u_multY1|lpm_mult:lpm_mult_component|mult_e8n:auto_generated ; work         ;
;    |trans:u_trans|                     ; 0 (0)             ; 2 (2)        ; 0           ; 0            ; 0       ; 0         ; 0    ; 0            ; |top|trans:u_trans                                                                   ; work         ;
;    |zero:u_zero|                       ; 44 (44)           ; 2 (2)        ; 0           ; 6            ; 0       ; 3         ; 0    ; 0            ; |top|zero:u_zero                                                                     ; work         ;
;       |multX0:u_multX0|                ; 0 (0)             ; 0 (0)        ; 0           ; 2            ; 0       ; 1         ; 0    ; 0            ; |top|zero:u_zero|multX0:u_multX0                                                     ; work         ;
;          |lpm_mult:lpm_mult_component| ; 0 (0)             ; 0 (0)        ; 0           ; 2            ; 0       ; 1         ; 0    ; 0            ; |top|zero:u_zero|multX0:u_multX0|lpm_mult:lpm_mult_component                         ; work         ;
;             |mult_e8n:auto_generated|  ; 0 (0)             ; 0 (0)        ; 0           ; 2            ; 0       ; 1         ; 0    ; 0            ; |top|zero:u_zero|multX0:u_multX0|lpm_mult:lpm_mult_component|mult_e8n:auto_generated ; work         ;
;       |multX1:u_multX1|                ; 0 (0)             ; 0 (0)        ; 0           ; 2            ; 0       ; 1         ; 0    ; 0            ; |top|zero:u_zero|multX1:u_multX1                                                     ; work         ;
;          |lpm_mult:lpm_mult_component| ; 0 (0)             ; 0 (0)        ; 0           ; 2            ; 0       ; 1         ; 0    ; 0            ; |top|zero:u_zero|multX1:u_multX1|lpm_mult:lpm_mult_component                         ; work         ;
;             |mult_e8n:auto_generated|  ; 0 (0)             ; 0 (0)        ; 0           ; 2            ; 0       ; 1         ; 0    ; 0            ; |top|zero:u_zero|multX1:u_multX1|lpm_mult:lpm_mult_component|mult_e8n:auto_generated ; work         ;
;       |multX2:u_multX2|                ; 0 (0)             ; 0 (0)        ; 0           ; 2            ; 0       ; 1         ; 0    ; 0            ; |top|zero:u_zero|multX2:u_multX2                                                     ; work         ;
;          |lpm_mult:lpm_mult_component| ; 0 (0)             ; 0 (0)        ; 0           ; 2            ; 0       ; 1         ; 0    ; 0            ; |top|zero:u_zero|multX2:u_multX2|lpm_mult:lpm_mult_component                         ; work         ;
;             |mult_e8n:auto_generated|  ; 0 (0)             ; 0 (0)        ; 0           ; 2            ; 0       ; 1         ; 0    ; 0            ; |top|zero:u_zero|multX2:u_multX2|lpm_mult:lpm_mult_component|mult_e8n:auto_generated ; work         ;
+----------------------------------------+-------------------+--------------+-------------+--------------+---------+-----------+------+--------------+--------------------------------------------------------------------------------------+--------------+
Note: For table entries with two numbers listed, the numbers in parentheses indicate the number of resources of the given type used by the specific entity alone. The numbers listed outside of parentheses indicate the total resources of the given type used by the specific entity and all of its sub-entities in the hierarchy.


+-----------------------------------------------------+
; Analysis & Synthesis DSP Block Usage Summary        ;
+---------------------------------------+-------------+
; Statistic                             ; Number Used ;
+---------------------------------------+-------------+
; Simple Multipliers (9-bit)            ; 0           ;
; Simple Multipliers (18-bit)           ; 5           ;
; Embedded Multiplier Blocks            ; --          ;
; Embedded Multiplier 9-bit elements    ; 10          ;
; Signed Embedded Multipliers           ; 5           ;
; Unsigned Embedded Multipliers         ; 0           ;
; Mixed Sign Embedded Multipliers       ; 0           ;
; Variable Sign Embedded Multipliers    ; 0           ;
; Dedicated Input Shift Register Chains ; 0           ;
+---------------------------------------+-------------+
Note: number of Embedded Multiplier Blocks used is only available after a successful fit.


+-------------------------------------------------------------------------------------------------------------------------------------------------+
; Analysis & Synthesis IP Cores Summary                                                                                                           ;
+--------+--------------+---------+--------------+--------------+----------------------------------+----------------------------------------------+
; Vendor ; IP Core Name ; Version ; Release Date ; License Type ; Entity Instance                  ; IP Include File                              ;
+--------+--------------+---------+--------------+--------------+----------------------------------+----------------------------------------------+
; Altera ; LPM_MULT     ; 13.1    ; N/A          ; N/A          ; |top|pole:u_pole|multY0:u_multY0 ; F:/Code/FPGA_project/iir/par/ipcore/multY0.v ;
; Altera ; LPM_MULT     ; 13.1    ; N/A          ; N/A          ; |top|pole:u_pole|multY1:u_multY1 ; F:/Code/FPGA_project/iir/par/ipcore/multY1.v ;
; Altera ; LPM_MULT     ; 13.1    ; N/A          ; N/A          ; |top|zero:u_zero|multX0:u_multX0 ; F:/Code/FPGA_project/iir/par/ipcore/multX0.v ;
; Altera ; LPM_MULT     ; 13.1    ; N/A          ; N/A          ; |top|zero:u_zero|multX1:u_multX1 ; F:/Code/FPGA_project/iir/par/ipcore/multX1.v ;
; Altera ; LPM_MULT     ; 13.1    ; N/A          ; N/A          ; |top|zero:u_zero|multX2:u_multX2 ; F:/Code/FPGA_project/iir/par/ipcore/multX2.v ;
+--------+--------------+---------+--------------+--------------+----------------------------------+----------------------------------------------+


+---------------------------------------------------------------------------------+
; Registers Removed During Synthesis                                              ;
+----------------------------------------+----------------------------------------+
; Register name                          ; Reason for Removal                     ;
+----------------------------------------+----------------------------------------+
; trans:u_trans|data_mult[0]             ; Stuck at GND due to stuck port data_in ;
; trans:u_trans|data_q[11]               ; Stuck at GND due to stuck port data_in ;
; zero:u_zero|Xin_reg[0][11]             ; Stuck at GND due to stuck port data_in ;
; trans:u_trans|data_q[0]                ; Stuck at GND due to stuck port data_in ;
; zero:u_zero|Xin_reg[0][0]              ; Stuck at GND due to stuck port data_in ;
; zero:u_zero|Xin_reg[1][11]             ; Stuck at GND due to stuck port data_in ;
; zero:u_zero|Xin_reg[1][0]              ; Stuck at GND due to stuck port data_in ;
; trans:u_trans|data_mult[2..10]         ; Stuck at GND due to stuck port data_in ;
; trans:u_trans|data_q[2..10]            ; Stuck at GND due to stuck port data_in ;
; zero:u_zero|Xin_reg[0][10]             ; Stuck at GND due to stuck port data_in ;
; zero:u_zero|Xin_reg[0][9]              ; Stuck at GND due to stuck port data_in ;
; zero:u_zero|Xin_reg[0][8]              ; Stuck at GND due to stuck port data_in ;
; zero:u_zero|Xin_reg[0][7]              ; Stuck at GND due to stuck port data_in ;
; zero:u_zero|Xin_reg[0][6]              ; Stuck at GND due to stuck port data_in ;
; zero:u_zero|Xin_reg[0][5]              ; Stuck at GND due to stuck port data_in ;
; zero:u_zero|Xin_reg[0][4]              ; Stuck at GND due to stuck port data_in ;
; zero:u_zero|Xin_reg[0][3]              ; Stuck at GND due to stuck port data_in ;
; zero:u_zero|Xin_reg[0][2]              ; Stuck at GND due to stuck port data_in ;
; zero:u_zero|Xin_reg[1][10]             ; Stuck at GND due to stuck port data_in ;
; zero:u_zero|Xin_reg[1][9]              ; Stuck at GND due to stuck port data_in ;
; zero:u_zero|Xin_reg[1][8]              ; Stuck at GND due to stuck port data_in ;
; zero:u_zero|Xin_reg[1][7]              ; Stuck at GND due to stuck port data_in ;
; zero:u_zero|Xin_reg[1][6]              ; Stuck at GND due to stuck port data_in ;
; zero:u_zero|Xin_reg[1][5]              ; Stuck at GND due to stuck port data_in ;
; zero:u_zero|Xin_reg[1][4]              ; Stuck at GND due to stuck port data_in ;
; zero:u_zero|Xin_reg[1][3]              ; Stuck at GND due to stuck port data_in ;
; zero:u_zero|Xin_reg[1][2]              ; Stuck at GND due to stuck port data_in ;
; Total Number of Removed Registers = 43 ;                                        ;
+----------------------------------------+----------------------------------------+


+--------------------------------------------------------------------------------------------------------------------------------------------+
; Removed Registers Triggering Further Register Optimizations                                                                                ;
+-----------------------------+---------------------------+----------------------------------------------------------------------------------+
; Register name               ; Reason for Removal        ; Registers Removed due to This Register                                           ;
+-----------------------------+---------------------------+----------------------------------------------------------------------------------+
; trans:u_trans|data_mult[0]  ; Stuck at GND              ; trans:u_trans|data_q[0], zero:u_zero|Xin_reg[0][0], zero:u_zero|Xin_reg[1][0]    ;
;                             ; due to stuck port data_in ;                                                                                  ;
; trans:u_trans|data_mult[10] ; Stuck at GND              ; trans:u_trans|data_q[10], zero:u_zero|Xin_reg[0][10], zero:u_zero|Xin_reg[1][10] ;
;                             ; due to stuck port data_in ;                                                                                  ;
; trans:u_trans|data_mult[9]  ; Stuck at GND              ; trans:u_trans|data_q[9], zero:u_zero|Xin_reg[0][9], zero:u_zero|Xin_reg[1][9]    ;
;                             ; due to stuck port data_in ;                                                                                  ;
; trans:u_trans|data_mult[8]  ; Stuck at GND              ; trans:u_trans|data_q[8], zero:u_zero|Xin_reg[0][8], zero:u_zero|Xin_reg[1][8]    ;
;                             ; due to stuck port data_in ;                                                                                  ;
; trans:u_trans|data_mult[7]  ; Stuck at GND              ; trans:u_trans|data_q[7], zero:u_zero|Xin_reg[0][7], zero:u_zero|Xin_reg[1][7]    ;
;                             ; due to stuck port data_in ;                                                                                  ;
; trans:u_trans|data_mult[6]  ; Stuck at GND              ; trans:u_trans|data_q[6], zero:u_zero|Xin_reg[0][6], zero:u_zero|Xin_reg[1][6]    ;
;                             ; due to stuck port data_in ;                                                                                  ;
; trans:u_trans|data_mult[5]  ; Stuck at GND              ; trans:u_trans|data_q[5], zero:u_zero|Xin_reg[0][5], zero:u_zero|Xin_reg[1][5]    ;
;                             ; due to stuck port data_in ;                                                                                  ;
; trans:u_trans|data_mult[4]  ; Stuck at GND              ; trans:u_trans|data_q[4], zero:u_zero|Xin_reg[0][4], zero:u_zero|Xin_reg[1][4]    ;
;                             ; due to stuck port data_in ;                                                                                  ;
; trans:u_trans|data_mult[3]  ; Stuck at GND              ; trans:u_trans|data_q[3], zero:u_zero|Xin_reg[0][3], zero:u_zero|Xin_reg[1][3]    ;
;                             ; due to stuck port data_in ;                                                                                  ;
; trans:u_trans|data_mult[2]  ; Stuck at GND              ; trans:u_trans|data_q[2], zero:u_zero|Xin_reg[0][2], zero:u_zero|Xin_reg[1][2]    ;
;                             ; due to stuck port data_in ;                                                                                  ;
; trans:u_trans|data_q[11]    ; Stuck at GND              ; zero:u_zero|Xin_reg[0][11], zero:u_zero|Xin_reg[1][11]                           ;
;                             ; due to stuck port data_in ;                                                                                  ;
+-----------------------------+---------------------------+----------------------------------------------------------------------------------+


+------------------------------------------------------+
; General Register Statistics                          ;
+----------------------------------------------+-------+
; Statistic                                    ; Value ;
+----------------------------------------------+-------+
; Total registers                              ; 28    ;
; Number of registers using Synchronous Clear  ; 0     ;
; Number of registers using Synchronous Load   ; 0     ;
; Number of registers using Asynchronous Clear ; 28    ;
; Number of registers using Asynchronous Load  ; 0     ;
; Number of registers using Clock Enable       ; 0     ;
; Number of registers using Preset             ; 0     ;
+----------------------------------------------+-------+


+------------------------------------------------------------------------------------------------------+
; Parameter Settings for User Entity Instance: zero:u_zero|multX2:u_multX2|lpm_mult:lpm_mult_component ;
+------------------------------------------------+--------------+--------------------------------------+
; Parameter Name                                 ; Value        ; Type                                 ;
+------------------------------------------------+--------------+--------------------------------------+
; AUTO_CARRY_CHAINS                              ; ON           ; AUTO_CARRY                           ;
; IGNORE_CARRY_BUFFERS                           ; OFF          ; IGNORE_CARRY                         ;
; AUTO_CASCADE_CHAINS                            ; ON           ; AUTO_CASCADE                         ;
; IGNORE_CASCADE_BUFFERS                         ; OFF          ; IGNORE_CASCADE                       ;
; LPM_WIDTHA                                     ; 12           ; Signed Integer                       ;
; LPM_WIDTHB                                     ; 12           ; Signed Integer                       ;
; LPM_WIDTHP                                     ; 24           ; Signed Integer                       ;
; LPM_WIDTHR                                     ; 0            ; Untyped                              ;
; LPM_WIDTHS                                     ; 1            ; Untyped                              ;
; LPM_REPRESENTATION                             ; SIGNED       ; Untyped                              ;
; LPM_PIPELINE                                   ; 0            ; Untyped                              ;
; LATENCY                                        ; 0            ; Untyped                              ;
; INPUT_A_IS_CONSTANT                            ; NO           ; Untyped                              ;
; INPUT_B_IS_CONSTANT                            ; NO           ; Untyped                              ;
; USE_EAB                                        ; OFF          ; Untyped                              ;
; MAXIMIZE_SPEED                                 ; 5            ; Untyped                              ;
; DEVICE_FAMILY                                  ; Cyclone IV E ; Untyped                              ;
; CARRY_CHAIN                                    ; MANUAL       ; Untyped                              ;
; APEX20K_TECHNOLOGY_MAPPER                      ; LUT          ; TECH_MAPPER_APEX20K                  ;
; DEDICATED_MULTIPLIER_CIRCUITRY                 ; AUTO         ; Untyped                              ;
; DEDICATED_MULTIPLIER_MIN_INPUT_WIDTH_FOR_AUTO  ; 0            ; Untyped                              ;
; DEDICATED_MULTIPLIER_MIN_OUTPUT_WIDTH_FOR_AUTO ; 0            ; Untyped                              ;
; CBXI_PARAMETER                                 ; mult_e8n     ; Untyped                              ;
; INPUT_A_FIXED_VALUE                            ; Bx           ; Untyped                              ;
; INPUT_B_FIXED_VALUE                            ; Bx           ; Untyped                              ;
; USE_AHDL_IMPLEMENTATION                        ; OFF          ; Untyped                              ;
+------------------------------------------------+--------------+--------------------------------------+
Note: In order to hide this table in the UI and the text report file, please set the "Show Parameter Settings in Synthesis Report" option in "Analysis and Synthesis Settings -> More Settings" to "Off".


+------------------------------------------------------------------------------------------------------+
; Parameter Settings for User Entity Instance: zero:u_zero|multX1:u_multX1|lpm_mult:lpm_mult_component ;
+------------------------------------------------+--------------+--------------------------------------+
; Parameter Name                                 ; Value        ; Type                                 ;
+------------------------------------------------+--------------+--------------------------------------+
; AUTO_CARRY_CHAINS                              ; ON           ; AUTO_CARRY                           ;
; IGNORE_CARRY_BUFFERS                           ; OFF          ; IGNORE_CARRY                         ;
; AUTO_CASCADE_CHAINS                            ; ON           ; AUTO_CASCADE                         ;
; IGNORE_CASCADE_BUFFERS                         ; OFF          ; IGNORE_CASCADE                       ;
; LPM_WIDTHA                                     ; 12           ; Signed Integer                       ;
; LPM_WIDTHB                                     ; 12           ; Signed Integer                       ;
; LPM_WIDTHP                                     ; 24           ; Signed Integer                       ;
; LPM_WIDTHR                                     ; 0            ; Untyped                              ;
; LPM_WIDTHS                                     ; 1            ; Untyped                              ;
; LPM_REPRESENTATION                             ; SIGNED       ; Untyped                              ;
; LPM_PIPELINE                                   ; 0            ; Untyped                              ;
; LATENCY                                        ; 0            ; Untyped                              ;
; INPUT_A_IS_CONSTANT                            ; NO           ; Untyped                              ;
; INPUT_B_IS_CONSTANT                            ; NO           ; Untyped                              ;
; USE_EAB                                        ; OFF          ; Untyped                              ;
; MAXIMIZE_SPEED                                 ; 5            ; Untyped                              ;
; DEVICE_FAMILY                                  ; Cyclone IV E ; Untyped                              ;
; CARRY_CHAIN                                    ; MANUAL       ; Untyped                              ;
; APEX20K_TECHNOLOGY_MAPPER                      ; LUT          ; TECH_MAPPER_APEX20K                  ;
; DEDICATED_MULTIPLIER_CIRCUITRY                 ; AUTO         ; Untyped                              ;
; DEDICATED_MULTIPLIER_MIN_INPUT_WIDTH_FOR_AUTO  ; 0            ; Untyped                              ;
; DEDICATED_MULTIPLIER_MIN_OUTPUT_WIDTH_FOR_AUTO ; 0            ; Untyped                              ;
; CBXI_PARAMETER                                 ; mult_e8n     ; Untyped                              ;
; INPUT_A_FIXED_VALUE                            ; Bx           ; Untyped                              ;
; INPUT_B_FIXED_VALUE                            ; Bx           ; Untyped                              ;
; USE_AHDL_IMPLEMENTATION                        ; OFF          ; Untyped                              ;
+------------------------------------------------+--------------+--------------------------------------+
Note: In order to hide this table in the UI and the text report file, please set the "Show Parameter Settings in Synthesis Report" option in "Analysis and Synthesis Settings -> More Settings" to "Off".


+------------------------------------------------------------------------------------------------------+
; Parameter Settings for User Entity Instance: zero:u_zero|multX0:u_multX0|lpm_mult:lpm_mult_component ;
+------------------------------------------------+--------------+--------------------------------------+
; Parameter Name                                 ; Value        ; Type                                 ;
+------------------------------------------------+--------------+--------------------------------------+
; AUTO_CARRY_CHAINS                              ; ON           ; AUTO_CARRY                           ;
; IGNORE_CARRY_BUFFERS                           ; OFF          ; IGNORE_CARRY                         ;
; AUTO_CASCADE_CHAINS                            ; ON           ; AUTO_CASCADE                         ;
; IGNORE_CASCADE_BUFFERS                         ; OFF          ; IGNORE_CASCADE                       ;
; LPM_WIDTHA                                     ; 12           ; Signed Integer                       ;
; LPM_WIDTHB                                     ; 12           ; Signed Integer                       ;
; LPM_WIDTHP                                     ; 24           ; Signed Integer                       ;
; LPM_WIDTHR                                     ; 0            ; Untyped                              ;
; LPM_WIDTHS                                     ; 1            ; Untyped                              ;
; LPM_REPRESENTATION                             ; SIGNED       ; Untyped                              ;
; LPM_PIPELINE                                   ; 0            ; Untyped                              ;
; LATENCY                                        ; 0            ; Untyped                              ;
; INPUT_A_IS_CONSTANT                            ; NO           ; Untyped                              ;
; INPUT_B_IS_CONSTANT                            ; NO           ; Untyped                              ;
; USE_EAB                                        ; OFF          ; Untyped                              ;
; MAXIMIZE_SPEED                                 ; 5            ; Untyped                              ;
; DEVICE_FAMILY                                  ; Cyclone IV E ; Untyped                              ;
; CARRY_CHAIN                                    ; MANUAL       ; Untyped                              ;
; APEX20K_TECHNOLOGY_MAPPER                      ; LUT          ; TECH_MAPPER_APEX20K                  ;
; DEDICATED_MULTIPLIER_CIRCUITRY                 ; AUTO         ; Untyped                              ;
; DEDICATED_MULTIPLIER_MIN_INPUT_WIDTH_FOR_AUTO  ; 0            ; Untyped                              ;
; DEDICATED_MULTIPLIER_MIN_OUTPUT_WIDTH_FOR_AUTO ; 0            ; Untyped                              ;
; CBXI_PARAMETER                                 ; mult_e8n     ; Untyped                              ;
; INPUT_A_FIXED_VALUE                            ; Bx           ; Untyped                              ;
; INPUT_B_FIXED_VALUE                            ; Bx           ; Untyped                              ;
; USE_AHDL_IMPLEMENTATION                        ; OFF          ; Untyped                              ;
+------------------------------------------------+--------------+--------------------------------------+
Note: In order to hide this table in the UI and the text report file, please set the "Show Parameter Settings in Synthesis Report" option in "Analysis and Synthesis Settings -> More Settings" to "Off".


+------------------------------------------------------------------------------------------------------+
; Parameter Settings for User Entity Instance: pole:u_pole|multY0:u_multY0|lpm_mult:lpm_mult_component ;
+------------------------------------------------+--------------+--------------------------------------+
; Parameter Name                                 ; Value        ; Type                                 ;
+------------------------------------------------+--------------+--------------------------------------+
; AUTO_CARRY_CHAINS                              ; ON           ; AUTO_CARRY                           ;
; IGNORE_CARRY_BUFFERS                           ; OFF          ; IGNORE_CARRY                         ;
; AUTO_CASCADE_CHAINS                            ; ON           ; AUTO_CASCADE                         ;
; IGNORE_CASCADE_BUFFERS                         ; OFF          ; IGNORE_CASCADE                       ;
; LPM_WIDTHA                                     ; 12           ; Signed Integer                       ;
; LPM_WIDTHB                                     ; 12           ; Signed Integer                       ;
; LPM_WIDTHP                                     ; 24           ; Signed Integer                       ;
; LPM_WIDTHR                                     ; 0            ; Untyped                              ;
; LPM_WIDTHS                                     ; 1            ; Untyped                              ;
; LPM_REPRESENTATION                             ; SIGNED       ; Untyped                              ;
; LPM_PIPELINE                                   ; 0            ; Untyped                              ;
; LATENCY                                        ; 0            ; Untyped                              ;
; INPUT_A_IS_CONSTANT                            ; NO           ; Untyped                              ;
; INPUT_B_IS_CONSTANT                            ; NO           ; Untyped                              ;
; USE_EAB                                        ; OFF          ; Untyped                              ;
; MAXIMIZE_SPEED                                 ; 5            ; Untyped                              ;
; DEVICE_FAMILY                                  ; Cyclone IV E ; Untyped                              ;
; CARRY_CHAIN                                    ; MANUAL       ; Untyped                              ;
; APEX20K_TECHNOLOGY_MAPPER                      ; LUT          ; TECH_MAPPER_APEX20K                  ;
; DEDICATED_MULTIPLIER_CIRCUITRY                 ; AUTO         ; Untyped                              ;
; DEDICATED_MULTIPLIER_MIN_INPUT_WIDTH_FOR_AUTO  ; 0            ; Untyped                              ;
; DEDICATED_MULTIPLIER_MIN_OUTPUT_WIDTH_FOR_AUTO ; 0            ; Untyped                              ;
; CBXI_PARAMETER                                 ; mult_e8n     ; Untyped                              ;
; INPUT_A_FIXED_VALUE                            ; Bx           ; Untyped                              ;
; INPUT_B_FIXED_VALUE                            ; Bx           ; Untyped                              ;
; USE_AHDL_IMPLEMENTATION                        ; OFF          ; Untyped                              ;
+------------------------------------------------+--------------+--------------------------------------+
Note: In order to hide this table in the UI and the text report file, please set the "Show Parameter Settings in Synthesis Report" option in "Analysis and Synthesis Settings -> More Settings" to "Off".


+------------------------------------------------------------------------------------------------------+
; Parameter Settings for User Entity Instance: pole:u_pole|multY1:u_multY1|lpm_mult:lpm_mult_component ;
+------------------------------------------------+--------------+--------------------------------------+
; Parameter Name                                 ; Value        ; Type                                 ;
+------------------------------------------------+--------------+--------------------------------------+
; AUTO_CARRY_CHAINS                              ; ON           ; AUTO_CARRY                           ;
; IGNORE_CARRY_BUFFERS                           ; OFF          ; IGNORE_CARRY                         ;
; AUTO_CASCADE_CHAINS                            ; ON           ; AUTO_CASCADE                         ;
; IGNORE_CASCADE_BUFFERS                         ; OFF          ; IGNORE_CASCADE                       ;
; LPM_WIDTHA                                     ; 12           ; Signed Integer                       ;
; LPM_WIDTHB                                     ; 12           ; Signed Integer                       ;
; LPM_WIDTHP                                     ; 24           ; Signed Integer                       ;
; LPM_WIDTHR                                     ; 0            ; Untyped                              ;
; LPM_WIDTHS                                     ; 1            ; Untyped                              ;
; LPM_REPRESENTATION                             ; SIGNED       ; Untyped                              ;
; LPM_PIPELINE                                   ; 0            ; Untyped                              ;
; LATENCY                                        ; 0            ; Untyped                              ;
; INPUT_A_IS_CONSTANT                            ; NO           ; Untyped                              ;
; INPUT_B_IS_CONSTANT                            ; NO           ; Untyped                              ;
; USE_EAB                                        ; OFF          ; Untyped                              ;
; MAXIMIZE_SPEED                                 ; 5            ; Untyped                              ;
; DEVICE_FAMILY                                  ; Cyclone IV E ; Untyped                              ;
; CARRY_CHAIN                                    ; MANUAL       ; Untyped                              ;
; APEX20K_TECHNOLOGY_MAPPER                      ; LUT          ; TECH_MAPPER_APEX20K                  ;
; DEDICATED_MULTIPLIER_CIRCUITRY                 ; AUTO         ; Untyped                              ;
; DEDICATED_MULTIPLIER_MIN_INPUT_WIDTH_FOR_AUTO  ; 0            ; Untyped                              ;
; DEDICATED_MULTIPLIER_MIN_OUTPUT_WIDTH_FOR_AUTO ; 0            ; Untyped                              ;
; CBXI_PARAMETER                                 ; mult_e8n     ; Untyped                              ;
; INPUT_A_FIXED_VALUE                            ; Bx           ; Untyped                              ;
; INPUT_B_FIXED_VALUE                            ; Bx           ; Untyped                              ;
; USE_AHDL_IMPLEMENTATION                        ; OFF          ; Untyped                              ;
+------------------------------------------------+--------------+--------------------------------------+
Note: In order to hide this table in the UI and the text report file, please set the "Show Parameter Settings in Synthesis Report" option in "Analysis and Synthesis Settings -> More Settings" to "Off".


+-------------------------------------------------------------------------------------------------+
; lpm_mult Parameter Settings by Entity Instance                                                  ;
+---------------------------------------+---------------------------------------------------------+
; Name                                  ; Value                                                   ;
+---------------------------------------+---------------------------------------------------------+
; Number of entity instances            ; 5                                                       ;
; Entity Instance                       ; zero:u_zero|multX2:u_multX2|lpm_mult:lpm_mult_component ;
;     -- LPM_WIDTHA                     ; 12                                                      ;
;     -- LPM_WIDTHB                     ; 12                                                      ;
;     -- LPM_WIDTHP                     ; 24                                                      ;
;     -- LPM_REPRESENTATION             ; SIGNED                                                  ;
;     -- INPUT_A_IS_CONSTANT            ; NO                                                      ;
;     -- INPUT_B_IS_CONSTANT            ; NO                                                      ;
;     -- USE_EAB                        ; OFF                                                     ;
;     -- DEDICATED_MULTIPLIER_CIRCUITRY ; AUTO                                                    ;
;     -- INPUT_A_FIXED_VALUE            ; Bx                                                      ;
;     -- INPUT_B_FIXED_VALUE            ; Bx                                                      ;
; Entity Instance                       ; zero:u_zero|multX1:u_multX1|lpm_mult:lpm_mult_component ;
;     -- LPM_WIDTHA                     ; 12                                                      ;
;     -- LPM_WIDTHB                     ; 12                                                      ;
;     -- LPM_WIDTHP                     ; 24                                                      ;
;     -- LPM_REPRESENTATION             ; SIGNED                                                  ;
;     -- INPUT_A_IS_CONSTANT            ; NO                                                      ;
;     -- INPUT_B_IS_CONSTANT            ; NO                                                      ;
;     -- USE_EAB                        ; OFF                                                     ;
;     -- DEDICATED_MULTIPLIER_CIRCUITRY ; AUTO                                                    ;
;     -- INPUT_A_FIXED_VALUE            ; Bx                                                      ;
;     -- INPUT_B_FIXED_VALUE            ; Bx                                                      ;
; Entity Instance                       ; zero:u_zero|multX0:u_multX0|lpm_mult:lpm_mult_component ;
;     -- LPM_WIDTHA                     ; 12                                                      ;
;     -- LPM_WIDTHB                     ; 12                                                      ;
;     -- LPM_WIDTHP                     ; 24                                                      ;
;     -- LPM_REPRESENTATION             ; SIGNED                                                  ;
;     -- INPUT_A_IS_CONSTANT            ; NO                                                      ;
;     -- INPUT_B_IS_CONSTANT            ; NO                                                      ;
;     -- USE_EAB                        ; OFF                                                     ;
;     -- DEDICATED_MULTIPLIER_CIRCUITRY ; AUTO                                                    ;
;     -- INPUT_A_FIXED_VALUE            ; Bx                                                      ;
;     -- INPUT_B_FIXED_VALUE            ; Bx                                                      ;
; Entity Instance                       ; pole:u_pole|multY0:u_multY0|lpm_mult:lpm_mult_component ;
;     -- LPM_WIDTHA                     ; 12                                                      ;
;     -- LPM_WIDTHB                     ; 12                                                      ;
;     -- LPM_WIDTHP                     ; 24                                                      ;
;     -- LPM_REPRESENTATION             ; SIGNED                                                  ;
;     -- INPUT_A_IS_CONSTANT            ; NO                                                      ;
;     -- INPUT_B_IS_CONSTANT            ; NO                                                      ;
;     -- USE_EAB                        ; OFF                                                     ;
;     -- DEDICATED_MULTIPLIER_CIRCUITRY ; AUTO                                                    ;
;     -- INPUT_A_FIXED_VALUE            ; Bx                                                      ;
;     -- INPUT_B_FIXED_VALUE            ; Bx                                                      ;
; Entity Instance                       ; pole:u_pole|multY1:u_multY1|lpm_mult:lpm_mult_component ;
;     -- LPM_WIDTHA                     ; 12                                                      ;
;     -- LPM_WIDTHB                     ; 12                                                      ;
;     -- LPM_WIDTHP                     ; 24                                                      ;
;     -- LPM_REPRESENTATION             ; SIGNED                                                  ;
;     -- INPUT_A_IS_CONSTANT            ; NO                                                      ;
;     -- INPUT_B_IS_CONSTANT            ; NO                                                      ;
;     -- USE_EAB                        ; OFF                                                     ;
;     -- DEDICATED_MULTIPLIER_CIRCUITRY ; AUTO                                                    ;
;     -- INPUT_A_FIXED_VALUE            ; Bx                                                      ;
;     -- INPUT_B_FIXED_VALUE            ; Bx                                                      ;
+---------------------------------------+---------------------------------------------------------+


+---------------------------------------------------------+
; Port Connectivity Checks: "pole:u_pole|multY1:u_multY1" ;
+--------------+-------+----------+-----------------------+
; Port         ; Type  ; Severity ; Details               ;
+--------------+-------+----------+-----------------------+
; datab[10..8] ; Input ; Info     ; Stuck at GND          ;
; datab[6..4]  ; Input ; Info     ; Stuck at GND          ;
; datab[2..1]  ; Input ; Info     ; Stuck at GND          ;
; datab[11]    ; Input ; Info     ; Stuck at VCC          ;
; datab[7]     ; Input ; Info     ; Stuck at VCC          ;
; datab[3]     ; Input ; Info     ; Stuck at VCC          ;
; datab[0]     ; Input ; Info     ; Stuck at VCC          ;
+--------------+-------+----------+-----------------------+


+---------------------------------------------------------+
; Port Connectivity Checks: "pole:u_pole|multY0:u_multY0" ;
+---------------+-------+----------+----------------------+
; Port          ; Type  ; Severity ; Details              ;
+---------------+-------+----------+----------------------+
; datab[9..6]   ; Input ; Info     ; Stuck at VCC         ;
; datab[4..3]   ; Input ; Info     ; Stuck at VCC         ;
; datab[11..10] ; Input ; Info     ; Stuck at GND         ;
; datab[5]      ; Input ; Info     ; Stuck at GND         ;
; datab[2]      ; Input ; Info     ; Stuck at GND         ;
; datab[1]      ; Input ; Info     ; Stuck at VCC         ;
; datab[0]      ; Input ; Info     ; Stuck at GND         ;
+---------------+-------+----------+----------------------+


+--------------------------------------------------------------------------------------------------------------------------------------------------------+
; Port Connectivity Checks: "pole:u_pole"                                                                                                                ;
+------+--------+----------+-----------------------------------------------------------------------------------------------------------------------------+
; Port ; Type   ; Severity ; Details                                                                                                                     ;
+------+--------+----------+-----------------------------------------------------------------------------------------------------------------------------+
; Yout ; Output ; Warning  ; Output or bidir port (25 bits) is wider than the port expression (24 bits) it drives; bit(s) "Yout[24..24]" have no fanouts ;
+------+--------+----------+-----------------------------------------------------------------------------------------------------------------------------+


+---------------------------------------------------------+
; Port Connectivity Checks: "zero:u_zero|multX0:u_multX0" ;
+---------------+-------+----------+----------------------+
; Port          ; Type  ; Severity ; Details              ;
+---------------+-------+----------+----------------------+
; datab[9..5]   ; Input ; Info     ; Stuck at VCC         ;
; datab[3..1]   ; Input ; Info     ; Stuck at VCC         ;
; datab[11..10] ; Input ; Info     ; Stuck at GND         ;
; datab[4]      ; Input ; Info     ; Stuck at GND         ;
; datab[0]      ; Input ; Info     ; Stuck at GND         ;
+---------------+-------+----------+----------------------+


+---------------------------------------------------------+
; Port Connectivity Checks: "zero:u_zero|multX1:u_multX1" ;
+--------------+-------+----------+-----------------------+
; Port         ; Type  ; Severity ; Details               ;
+--------------+-------+----------+-----------------------+
; datab[10..8] ; Input ; Info     ; Stuck at GND          ;
; datab[6..4]  ; Input ; Info     ; Stuck at GND          ;
; datab[2..1]  ; Input ; Info     ; Stuck at GND          ;
; datab[11]    ; Input ; Info     ; Stuck at VCC          ;
; datab[7]     ; Input ; Info     ; Stuck at VCC          ;
; datab[3]     ; Input ; Info     ; Stuck at VCC          ;
; datab[0]     ; Input ; Info     ; Stuck at VCC          ;
+--------------+-------+----------+-----------------------+


+---------------------------------------------------------+
; Port Connectivity Checks: "zero:u_zero|multX2:u_multX2" ;
+---------------+-------+----------+----------------------+
; Port          ; Type  ; Severity ; Details              ;
+---------------+-------+----------+----------------------+
; datab[9..5]   ; Input ; Info     ; Stuck at VCC         ;
; datab[3..1]   ; Input ; Info     ; Stuck at VCC         ;
; datab[11..10] ; Input ; Info     ; Stuck at GND         ;
; datab[4]      ; Input ; Info     ; Stuck at GND         ;
; datab[0]      ; Input ; Info     ; Stuck at GND         ;
+---------------+-------+----------+----------------------+


+-------------------------------+
; Elapsed Time Per Partition    ;
+----------------+--------------+
; Partition Name ; Elapsed Time ;
+----------------+--------------+
; Top            ; 00:00:00     ;
+----------------+--------------+


+-------------------------------+
; Analysis & Synthesis Messages ;
+-------------------------------+
Info: *******************************************************************
Info: Running Quartus II 64-Bit Analysis & Synthesis
    Info: Version 13.1.0 Build 162 10/23/2013 SJ Full Version
    Info: Processing started: Fri Oct 09 19:45:59 2020
Info: Command: quartus_map --read_settings_files=on --write_settings_files=off iir -c iir
Info (11104): Parallel Compilation has detected 8 hyper-threaded processors. However, the extra hyper-threaded processors will not be used by default. Parallel Compilation will use 4 of the 4 physical processors detected instead.
Info (12021): Found 1 design units, including 1 entities, in source file /code/fpga_project/iir/rtl/zero.v
    Info (12023): Found entity 1: zero
Info (12021): Found 1 design units, including 1 entities, in source file /code/fpga_project/iir/rtl/trans.v
    Info (12023): Found entity 1: trans
Info (12021): Found 1 design units, including 1 entities, in source file /code/fpga_project/iir/rtl/top.v
    Info (12023): Found entity 1: top
Info (12021): Found 1 design units, including 1 entities, in source file /code/fpga_project/iir/rtl/pole.v
    Info (12023): Found entity 1: pole
Info (12021): Found 1 design units, including 1 entities, in source file ipcore/multx2.v
    Info (12023): Found entity 1: multX2
Info (12021): Found 1 design units, including 1 entities, in source file ipcore/multx1.v
    Info (12023): Found entity 1: multX1
Info (12021): Found 1 design units, including 1 entities, in source file ipcore/multx0.v
    Info (12023): Found entity 1: multX0
Info (12021): Found 1 design units, including 1 entities, in source file ipcore/multy0.v
    Info (12023): Found entity 1: multY0
Info (12021): Found 1 design units, including 1 entities, in source file ipcore/multy1.v
    Info (12023): Found entity 1: multY1
Info (12127): Elaborating entity "top" for the top level hierarchy
Warning (10036): Verilog HDL or VHDL warning at top.v(8): object "data_sub" assigned a value but never read
Warning (10230): Verilog HDL assignment warning at top.v(22): truncated value with size 12 to match size of target (1)
Info (12128): Elaborating entity "zero" for hierarchy "zero:u_zero"
Warning (10240): Verilog HDL Always Construct warning at zero.v(19): inferring latch(es) for variable "i", which holds its previous value in one or more paths through the always construct
Info (12128): Elaborating entity "multX2" for hierarchy "zero:u_zero|multX2:u_multX2"
Info (12128): Elaborating entity "lpm_mult" for hierarchy "zero:u_zero|multX2:u_multX2|lpm_mult:lpm_mult_component"
Info (12130): Elaborated megafunction instantiation "zero:u_zero|multX2:u_multX2|lpm_mult:lpm_mult_component"
Info (12133): Instantiated megafunction "zero:u_zero|multX2:u_multX2|lpm_mult:lpm_mult_component" with the following parameter:
    Info (12134): Parameter "lpm_hint" = "MAXIMIZE_SPEED=5"
    Info (12134): Parameter "lpm_representation" = "SIGNED"
    Info (12134): Parameter "lpm_type" = "LPM_MULT"
    Info (12134): Parameter "lpm_widtha" = "12"
    Info (12134): Parameter "lpm_widthb" = "12"
    Info (12134): Parameter "lpm_widthp" = "24"
Info (12021): Found 1 design units, including 1 entities, in source file db/mult_e8n.tdf
    Info (12023): Found entity 1: mult_e8n
Info (12128): Elaborating entity "mult_e8n" for hierarchy "zero:u_zero|multX2:u_multX2|lpm_mult:lpm_mult_component|mult_e8n:auto_generated"
Info (12128): Elaborating entity "multX1" for hierarchy "zero:u_zero|multX1:u_multX1"
Info (12128): Elaborating entity "multX0" for hierarchy "zero:u_zero|multX0:u_multX0"
Info (12128): Elaborating entity "pole" for hierarchy "pole:u_pole"
Warning (10240): Verilog HDL Always Construct warning at pole.v(19): inferring latch(es) for variable "i", which holds its previous value in one or more paths through the always construct
Info (12128): Elaborating entity "multY0" for hierarchy "pole:u_pole|multY0:u_multY0"
Info (12128): Elaborating entity "multY1" for hierarchy "pole:u_pole|multY1:u_multY1"
Info (12128): Elaborating entity "trans" for hierarchy "trans:u_trans"
Warning (12241): 1 hierarchies have connectivity warnings - see the Connectivity Checks report folder
Info (286030): Timing-Driven Synthesis is running
Info (16010): Generating hard_block partition "hard_block:auto_generated_inst"
    Info (16011): Adding 0 node(s), including 0 DDIO, 0 PLL, 0 transceiver and 0 LCELL
Warning (21074): Design contains 10 input pin(s) that do not drive logic
    Warning (15610): No output dependent on input pin "data_in[0]"
    Warning (15610): No output dependent on input pin "data_in[1]"
    Warning (15610): No output dependent on input pin "data_in[2]"
    Warning (15610): No output dependent on input pin "data_in[3]"
    Warning (15610): No output dependent on input pin "data_in[4]"
    Warning (15610): No output dependent on input pin "data_in[5]"
    Warning (15610): No output dependent on input pin "data_in[6]"
    Warning (15610): No output dependent on input pin "data_in[7]"
    Warning (15610): No output dependent on input pin "data_in[8]"
    Warning (15610): No output dependent on input pin "data_in[9]"
Info (21057): Implemented 129 device resources after synthesis - the final resource count might be different
    Info (21058): Implemented 12 input pins
    Info (21059): Implemented 1 output pins
    Info (21061): Implemented 106 logic cells
    Info (21062): Implemented 10 DSP elements
Info: Quartus II 64-Bit Analysis & Synthesis was successful. 0 errors, 16 warnings
    Info: Peak virtual memory: 4681 megabytes
    Info: Processing ended: Fri Oct 09 19:46:01 2020
    Info: Elapsed time: 00:00:02
    Info: Total CPU time (on all processors): 00:00:02


